// Jest Snapshot v1, https://goo.gl/fbAQLP

exports[`ContactsScreen snapshot renders the contacts screen 1`] = `<View />`;
