// Jest Snapshot v1, https://goo.gl/fbAQLP

exports[`Homescreen snapshot renders the homes screen 1`] = `null`;
