// Jest Snapshot v1, https://goo.gl/fbAQLP

exports[` 1`] = `
<Modal
  animationType="fade"
  hardwareAccelerated={false}
  transparent={false}
  visible={true}
>
  <View
    enabled={true}
    keyboardVerticalOffset={0}
    onLayout={[Function]}
  >
    <View
      style={
        Array [
          undefined,
          Object {
            "bottom": 0,
          },
        ]
      }
    >
      <View
        style={
          Array [
            Object {
              "backgroundColor": "#476DC5",
              "borderBottomColor": "#f2f2f2",
              "borderBottomWidth": 1,
              "height": 70,
              "padding": 15,
            },
            undefined,
            undefined,
          ]
        }
      >
        <View
          style={
            Array [
              Object {
                "alignItems": "flex-end",
                "flex": 1,
                "flexDirection": "row",
                "justifyContent": "space-between",
              },
              Object {
                "alignItems": "center",
              },
            ]
          }
        >
          <View
            style={
              Array [
                false,
                false,
                false,
                Object {
                  "alignItems": "center",
                  "backgroundColor": "transparent",
                  "justifyContent": "center",
                },
                undefined,
              ]
            }
            underlayColor="white"
          >
            <Text
              accessible={true}
              allowFontScaling={false}
              ellipsizeMode="tail"
              style={
                Array [
                  Object {
                    "color": "#fff",
                    "fontSize": 32,
                  },
                  Array [
                    Object {
                      "backgroundColor": "transparent",
                    },
                    undefined,
                  ],
                  Object {
                    "fontFamily": "Material Icons",
                    "fontStyle": "normal",
                    "fontWeight": "normal",
                  },
                  Object {},
                ]
              }
            >
              îŒ“
            </Text>
          </View>
          <Text
            accessible={true}
            allowFontScaling={true}
            ellipsizeMode="tail"
            numberOfLines={1}
            style={
              Array [
                Object {},
                undefined,
                undefined,
                undefined,
                undefined,
                undefined,
                undefined,
                undefined,
                undefined,
                undefined,
                Object {
                  "color": "#fff",
                },
              ]
            }
          >
            Add contact
          </Text>
          <View
            style={
              Object {
                "height": 24,
                "width": 24,
              }
            }
          />
        </View>
      </View>
      <View
        style={
          Object {
            "alignItems": "center",
          }
        }
      >
        <View
          activeOpacity={0.7}
          style={
            Array [
              Object {
                "backgroundColor": "transparent",
                "height": 150,
                "paddingBottom": 10,
                "paddingRight": 10,
                "paddingTop": 10,
                "width": 150,
              },
              Object {
                "borderRadius": 75,
              },
              Object {
                "margin": 20,
              },
            ]
          }
        >
          <View
            style={
              Array [
                Object {
                  "alignItems": "center",
                  "alignSelf": "stretch",
                  "backgroundColor": "rgba(0,0,0,0.2)",
                  "bottom": 0,
                  "flex": 1,
                  "justifyContent": "center",
                  "left": 0,
                  "position": "absolute",
                  "right": 0,
                  "top": 0,
                },
                Object {
                  "borderRadius": 75,
                },
                undefined,
              ]
            }
          >
            <Image
              source={1}
              style={
                Array [
                  Object {
                    "height": 150,
                    "width": 150,
                  },
                  Object {
                    "borderRadius": 75,
                  },
                  undefined,
                ]
              }
            />
          </View>
        </View>
        <View
          style={
            Object {
              "width": 300,
            }
          }
        >
          <TextInput
            allowFontScaling={true}
            onChangeText={[Function]}
            placeholder="First name"
            style={
              Object {
                "color": "#4d4d4d",
                "fontSize": 20,
                "fontWeight": "700",
                "margin": 15,
              }
            }
            underlineColorAndroid="transparent"
            value=""
          />
        </View>
        <View
          style={
            Object {
              "width": 300,
            }
          }
        >
          <TextInput
            allowFontScaling={true}
            onChangeText={[Function]}
            placeholder="Last name"
            style={
              Object {
                "color": "#4d4d4d",
                "fontSize": 20,
                "fontWeight": "700",
                "margin": 15,
              }
            }
            underlineColorAndroid="transparent"
            value=""
          />
        </View>
        <View
          style={
            Object {
              "width": 300,
            }
          }
        >
          <TextInput
            allowFontScaling={true}
            keyboardType="numeric"
            maxLength={8}
            onChangeText={[Function]}
            placeholder="Phone Number"
            style={
              Object {
                "color": "#4d4d4d",
                "fontSize": 20,
                "fontWeight": "700",
                "margin": 15,
              }
            }
            underlineColorAndroid="transparent"
            value=""
          />
        </View>
        <View
          style={
            Object {
              "marginBottom": 30,
              "width": 200,
            }
          }
        >
          <View
            accessibilityComponentType="button"
            accessibilityTraits={
              Array [
                "button",
              ]
            }
            accessible={true}
            isTVSelectable={true}
            onResponderGrant={[Function]}
            onResponderMove={[Function]}
            onResponderRelease={[Function]}
            onResponderTerminate={[Function]}
            onResponderTerminationRequest={[Function]}
            onStartShouldSetResponder={[Function]}
            style={
              Object {
                "opacity": 1,
              }
            }
          >
            <View
              style={
                Array [
                  Object {},
                ]
              }
            >
              <Text
                accessible={true}
                allowFontScaling={true}
                ellipsizeMode="tail"
                style={
                  Array [
                    Object {
                      "color": "#007AFF",
                      "fontSize": 18,
                      "padding": 8,
                      "textAlign": "center",
                    },
                  ]
                }
              >
                Add
              </Text>
            </View>
          </View>
        </View>
      </View>
    </View>
  </View>
</Modal>
`;
